[2026-07-21T19:37:37.406+0000] {manager.py:483} INFO - Processing files using up to 2 processes at a time 
[2026-07-21T19:37:37.408+0000] {manager.py:484} INFO - Process each file at most once every 30 seconds
[2026-07-21T19:37:37.409+0000] {manager.py:485} INFO - Checking for new files in /opt/airflow/dags every 300 seconds
[2026-07-21T19:37:37.410+0000] {manager.py:821} INFO - Searching for files in /opt/airflow/dags
[2026-07-21T19:37:37.425+0000] {manager.py:824} INFO - There are 1 files in /opt/airflow/dags
[2026-07-21T19:37:37.506+0000] {manager.py:997} INFO - 
================================================================================
DAG File Processing Stats

File Path                             PID  Runtime      # DAGs    # Errors  Last Runtime    Last Run      Last # of DB Queries
----------------------------------  -----  ---------  --------  ----------  --------------  ----------  ----------------------
/opt/airflow/dags/our_first_dag.py    185  0.02s             0           0                                                   0
================================================================================
[2026-07-21T19:38:07.746+0000] {manager.py:997} INFO - 
================================================================================
DAG File Processing Stats

File Path                           PID    Runtime      # DAGs    # Errors  Last Runtime    Last Run               Last # of DB Queries
----------------------------------  -----  ---------  --------  ----------  --------------  -------------------  ----------------------
/opt/airflow/dags/our_first_dag.py                           1           0  0.41s           2026-07-21T19:37:37                      45
================================================================================
[2026-07-21T19:38:38.345+0000] {manager.py:997} INFO - 
================================================================================
DAG File Processing Stats

File Path                             PID  Runtime      # DAGs    # Errors  Last Runtime    Last Run               Last # of DB Queries
----------------------------------  -----  ---------  --------  ----------  --------------  -------------------  ----------------------
/opt/airflow/dags/our_first_dag.py    231  0.00s             1           0  0.12s           2026-07-21T19:38:08                      12
================================================================================
[2026-07-21T19:39:08.651+0000] {manager.py:997} INFO - 
================================================================================
DAG File Processing Stats

File Path                             PID  Runtime      # DAGs    # Errors  Last Runtime    Last Run               Last # of DB Queries
----------------------------------  -----  ---------  --------  ----------  --------------  -------------------  ----------------------
/opt/airflow/dags/our_first_dag.py    242  0.01s             1           0  0.14s           2026-07-21T19:38:38                      12
================================================================================
[2026-07-21T19:39:38.920+0000] {manager.py:997} INFO - 
================================================================================
DAG File Processing Stats

File Path                             PID  Runtime      # DAGs    # Errors  Last Runtime    Last Run               Last # of DB Queries
----------------------------------  -----  ---------  --------  ----------  --------------  -------------------  ----------------------
/opt/airflow/dags/our_first_dag.py    253  0.00s             1           0  0.14s           2026-07-21T19:39:08                      12
================================================================================
[2026-07-21T19:40:09.290+0000] {manager.py:997} INFO - 
================================================================================
DAG File Processing Stats

File Path                             PID  Runtime      # DAGs    # Errors  Last Runtime    Last Run               Last # of DB Queries
----------------------------------  -----  ---------  --------  ----------  --------------  -------------------  ----------------------
/opt/airflow/dags/our_first_dag.py    265  0.01s             1           0  0.16s           2026-07-21T19:39:39                      12
================================================================================
[2026-07-21T19:40:39.579+0000] {manager.py:997} INFO - 
================================================================================
DAG File Processing Stats

File Path                             PID  Runtime      # DAGs    # Errors  Last Runtime    Last Run               Last # of DB Queries
----------------------------------  -----  ---------  --------  ----------  --------------  -------------------  ----------------------
/opt/airflow/dags/our_first_dag.py    276  0.00s             1           0  0.19s           2026-07-21T19:40:09                      12
================================================================================
[2026-07-21T19:41:09.896+0000] {manager.py:997} INFO - 
================================================================================
DAG File Processing Stats

File Path                             PID  Runtime      # DAGs    # Errors  Last Runtime    Last Run               Last # of DB Queries
----------------------------------  -----  ---------  --------  ----------  --------------  -------------------  ----------------------
/opt/airflow/dags/our_first_dag.py    287  0.00s             1           0  0.13s           2026-07-21T19:40:39                      12
================================================================================
[2026-07-21T19:41:40.116+0000] {manager.py:997} INFO - 
================================================================================
DAG File Processing Stats

File Path                             PID  Runtime      # DAGs    # Errors  Last Runtime    Last Run               Last # of DB Queries
----------------------------------  -----  ---------  --------  ----------  --------------  -------------------  ----------------------
/opt/airflow/dags/our_first_dag.py    298  0.01s             1           0  0.17s           2026-07-21T19:41:10                      12
================================================================================
[2026-07-21T19:42:10.512+0000] {manager.py:997} INFO - 
================================================================================
DAG File Processing Stats

File Path                             PID  Runtime      # DAGs    # Errors  Last Runtime    Last Run               Last # of DB Queries
----------------------------------  -----  ---------  --------  ----------  --------------  -------------------  ----------------------
/opt/airflow/dags/our_first_dag.py    309  0.01s             1           0  0.19s           2026-07-21T19:41:40                      12
================================================================================
[2026-07-21T19:42:37.732+0000] {manager.py:821} INFO - Searching for files in /opt/airflow/dags
[2026-07-21T19:42:37.749+0000] {manager.py:824} INFO - There are 1 files in /opt/airflow/dags
[2026-07-21T19:42:40.781+0000] {manager.py:997} INFO - 
================================================================================
DAG File Processing Stats

File Path                           PID    Runtime      # DAGs    # Errors  Last Runtime    Last Run               Last # of DB Queries
----------------------------------  -----  ---------  --------  ----------  --------------  -------------------  ----------------------
/opt/airflow/dags/our_first_dag.py                           1           0  0.32s           2026-07-21T19:42:10                      12
================================================================================
[2026-07-21T19:43:11.250+0000] {manager.py:997} INFO - 
================================================================================
DAG File Processing Stats

File Path                             PID  Runtime      # DAGs    # Errors  Last Runtime    Last Run               Last # of DB Queries
----------------------------------  -----  ---------  --------  ----------  --------------  -------------------  ----------------------
/opt/airflow/dags/our_first_dag.py    337  0.00s             1           0  0.14s           2026-07-21T19:42:41                      12
================================================================================
[2026-07-21T19:43:41.596+0000] {manager.py:997} INFO - 
================================================================================
DAG File Processing Stats

File Path                             PID  Runtime      # DAGs    # Errors  Last Runtime    Last Run               Last # of DB Queries
----------------------------------  -----  ---------  --------  ----------  --------------  -------------------  ----------------------
/opt/airflow/dags/our_first_dag.py    348  0.00s             1           0  0.12s           2026-07-21T19:43:11                      12
================================================================================
